[download] bNSglz1UZQk: has already been recorded in the archive
[download] S6qd8lnwOTA: has already been recorded in the archive
[download] 2xVxJg-I25k: has already been recorded in the archive
[download] aFXQbfiJt5o: has already been recorded in the archive
[download] aFXQbfiJt5o: has already been recorded in the archive
[download] 1nTyat1n6rQ: has already been recorded in the archive
[download] pJcNz11R_uI: has already been recorded in the archive
[download] n02QEe2AHnY: has already been recorded in the archive
[download] cULv9k3ExdM: has already been recorded in the archive
[download] kYbFDxA1ho8: has already been recorded in the archive
[download] Ts-n6ZyKFNQ: has already been recorded in the archive
[download] CdWKaUEB8uY: has already been recorded in the archive
[download] 0Kn1Tau51bM: has already been recorded in the archive
[download] pl9hkqhNM-c: has already been recorded in the archive
[download] edQ9DR4FHYk: has already been recorded in the archive
[download] qsjqybU7WWo: has already been recorded in the archive
[download] rnPa2ErGyuQ: has already been recorded in the archive
[download] qF3rhmpbgBw: has already been recorded in the archive
[download] lMK0zPeYj74: has already been recorded in the archive
[download] jNSCvQV4jkU: has already been recorded in the archive
[download] HGgkm9TMRvI: has already been recorded in the archive
[download] 3ObfS4ESdGI: has already been recorded in the archive
[download] ZVMR-jeHxSg: has already been recorded in the archive
[download] LnGPATsT5eg: has already been recorded in the archive
[download] p4jvF6bTyqY: has already been recorded in the archive
[download] wcPsf7yXLzs: has already been recorded in the archive
[download] FEzyAIGqzjg: has already been recorded in the archive
[download] V19eRsyMtcc: has already been recorded in the archive
[download] llCy_4z_FRw: has already been recorded in the archive
[download] HYOP7tTujg0: has already been recorded in the archive
[download] gRhL_bhFRaY: has already been recorded in the archive
[download] pOS2N3Ce508: has already been recorded in the archive
[download] GFy65BFsq6w: has already been recorded in the archive
[download] sC0tV8qWzdg: has already been recorded in the archive
[download] el5uTcakllM: has already been recorded in the archive
[download] RypL-c0jRPI: has already been recorded in the archive
[download] KrhLzAc2WHk: has already been recorded in the archive
[download] By48eSg6nN4: has already been recorded in the archive
[download] pk73P3Fme6g: has already been recorded in the archive
[download] TF4784FRuUs: has already been recorded in the archive
[download] 2y4i6yqcorI: has already been recorded in the archive
[download] M0S816O3y5g: has already been recorded in the archive
[download] 2Dt8xhY6KdY: has already been recorded in the archive
[download] SFKJEQlrShY: has already been recorded in the archive
[download] MBmnrNUqlP4: has already been recorded in the archive
[download] sR1B-ldXb6k: has already been recorded in the archive
[download] BRKxLO0LAy0: has already been recorded in the archive
[download] mY11_NsQt9o: has already been recorded in the archive
[download] Poes3EpAR5c: has already been recorded in the archive
[download] 0_W3OQaTx1Y: has already been recorded in the archive
[download] FpO2RllR7b8: has already been recorded in the archive
[download] hPy6U4anbcc: has already been recorded in the archive
[download] Kt_GXKaaEl4: has already been recorded in the archive
[download] kBA1UF-b74A: has already been recorded in the archive
[download] WkLBpfkDNyc: has already been recorded in the archive
[download] e6V836VzPXg: has already been recorded in the archive
[download] tmDm95rDE6Y: has already been recorded in the archive
[download] _-K1lRfEHoo: has already been recorded in the archive
[download] nWPRFNVs6XY: has already been recorded in the archive
[download] goU803-lAXo: has already been recorded in the archive
[download] VU2uwrfpvOI: has already been recorded in the archive
[download] _8TtU9gyLXg: has already been recorded in the archive
[download] ymVspdpOV5E: has already been recorded in the archive
[download] fX5BsRXc6fk: has already been recorded in the archive
[download] h0XSsILZhNw: has already been recorded in the archive
[download] 30U6ocyN-_Q: has already been recorded in the archive
[download] zP1Jj97JEVk: has already been recorded in the archive
[download] -hiYf5pQ-ak: has already been recorded in the archive
[download] V_GPp1rlBEU: has already been recorded in the archive
[download] tzp7CiUSAzk: has already been recorded in the archive
[download] sSx1Z2aw_fU: has already been recorded in the archive
[download] A7gSCjWy3qo: has already been recorded in the archive
[download] zIs1IK2U_IE: has already been recorded in the archive
[download] bXjXs5taNSk: has already been recorded in the archive
[download] 7doHv8GNljo: has already been recorded in the archive
[download] tw7hQANQ-1A: has already been recorded in the archive
[download] es1yGj6560U: has already been recorded in the archive
[download] n-rRfy0bOMY: has already been recorded in the archive
[download] uwe9-E4KETc: has already been recorded in the archive
[download] 4-E0JyCWWDA: has already been recorded in the archive
[download] DnNylGUlMh0: has already been recorded in the archive
[download] DFxqT6R9gKQ: has already been recorded in the archive
[download] CzQPCXQQbI4: has already been recorded in the archive
[download] 8hMuUAipy1k: has already been recorded in the archive
[download] Mi3pnhkOLBU: has already been recorded in the archive
[download] LRmWn-P8tQE: has already been recorded in the archive
[download] YBryrM8qCoU: has already been recorded in the archive
[download] liXORcsLtPA: has already been recorded in the archive
[download] fo8zoaOHiEM: has already been recorded in the archive
[download] rnBWUAngWlQ: has already been recorded in the archive
[download] RKFFx_EyW9E: has already been recorded in the archive
[download] xtrUigiYlv8: has already been recorded in the archive
[download] xUGjg5ghfb4: has already been recorded in the archive
